Release 14.6 - xst P.68d (nt64)
Copyright (c) 1995-2013 Xilinx, Inc.  All rights reserved.
--> Parameter TMPDIR set to xst/projnav.tmp


Total REAL time to Xst completion: 0.00 secs
Total CPU time to Xst completion: 0.12 secs
 
--> Parameter xsthdpdir set to xst


Total REAL time to Xst completion: 0.00 secs
Total CPU time to Xst completion: 0.13 secs
 
--> Reading design: top.prj

TABLE OF CONTENTS
  1) Synthesis Options Summary
  2) HDL Parsing
  3) HDL Elaboration
  4) HDL Synthesis
       4.1) HDL Synthesis Report
  5) Advanced HDL Synthesis
       5.1) Advanced HDL Synthesis Report
  6) Low Level Synthesis
  7) Partition Report
  8) Design Summary
       8.1) Primitive and Black Box Usage
       8.2) Device utilization summary
       8.3) Partition Resource Summary
       8.4) Timing Report
            8.4.1) Clock Information
            8.4.2) Asynchronous Control Signals Information
            8.4.3) Timing Summary
            8.4.4) Timing Details
            8.4.5) Cross Clock Domains Report


=========================================================================
*                      Synthesis Options Summary                        *
=========================================================================
---- Source Parameters
Input File Name                    : "top.prj"
Ignore Synthesis Constraint File   : NO

---- Target Parameters
Output File Name                   : "top"
Output Format                      : NGC
Target Device                      : xc6slx16-3-csg324

---- Source Options
Top Module Name                    : top
Automatic FSM Extraction           : YES
FSM Encoding Algorithm             : Auto
Safe Implementation                : No
FSM Style                          : LUT
RAM Extraction                     : Yes
RAM Style                          : Auto
ROM Extraction                     : Yes
Shift Register Extraction          : YES
ROM Style                          : Auto
Resource Sharing                   : YES
Asynchronous To Synchronous        : NO
Shift Register Minimum Size        : 2
Use DSP Block                      : Auto
Automatic Register Balancing       : No

---- Target Options
LUT Combining                      : Auto
Reduce Control Sets                : Auto
Add IO Buffers                     : YES
Global Maximum Fanout              : 100000
Add Generic Clock Buffer(BUFG)     : 16
Register Duplication               : YES
Optimize Instantiated Primitives   : NO
Use Clock Enable                   : Auto
Use Synchronous Set                : Auto
Use Synchronous Reset              : Auto
Pack IO Registers into IOBs        : Auto
Equivalent register Removal        : YES

---- General Options
Optimization Goal                  : Speed
Optimization Effort                : 1
Power Reduction                    : NO
Keep Hierarchy                     : No
Netlist Hierarchy                  : As_Optimized
RTL Output                         : Yes
Global Optimization                : AllClockNets
Read Cores                         : YES
Write Timing Constraints           : NO
Cross Clock Analysis               : NO
Hierarchy Separator                : /
Bus Delimiter                      : <>
Case Specifier                     : Maintain
Slice Utilization Ratio            : 100
BRAM Utilization Ratio             : 100
DSP48 Utilization Ratio            : 100
Auto BRAM Packing                  : NO
Slice Utilization Ratio Delta      : 5

=========================================================================


=========================================================================
*                          HDL Parsing                                  *
=========================================================================
Analyzing Verilog file "C:\Users\152\Desktop\cs-m152a\lab_4\DDR\vga.v" into library work
Parsing module <vga>.
Analyzing Verilog file "C:\Users\152\Desktop\cs-m152a\lab_4\DDR\clockdiv.v" into library work
Parsing module <clockdiv>.
Analyzing Verilog file "C:\Users\152\Desktop\cs-m152a\lab_4\DDR\top.v" into library work
Parsing module <top>.

=========================================================================
*                            HDL Elaboration                            *
=========================================================================
WARNING:HDLCompiler:1016 - "C:\Users\152\Desktop\cs-m152a\lab_4\DDR\top.v" Line 24: Port o_point is not connected to this instance

Elaborating module <top>.

Elaborating module <clockdiv>.
WARNING:HDLCompiler:1127 - "C:\Users\152\Desktop\cs-m152a\lab_4\DDR\top.v" Line 21: Assignment to onehzclk ignored, since the identifier is never used

Elaborating module <vga>.
WARNING:HDLCompiler:413 - "C:\Users\152\Desktop\cs-m152a\lab_4\DDR\vga.v" Line 38: Result of 4-bit expression is truncated to fit in 3-bit target.
Reading initialization file \"partyintheusa.code\".
WARNING:HDLCompiler:872 - "C:\Users\152\Desktop\cs-m152a\lab_4\DDR\vga.v" Line 80: Using initial value of BLACK since it is never assigned
WARNING:HDLCompiler:872 - "C:\Users\152\Desktop\cs-m152a\lab_4\DDR\vga.v" Line 81: Using initial value of WHITE since it is never assigned
WARNING:HDLCompiler:872 - "C:\Users\152\Desktop\cs-m152a\lab_4\DDR\vga.v" Line 82: Using initial value of RED since it is never assigned
WARNING:HDLCompiler:872 - "C:\Users\152\Desktop\cs-m152a\lab_4\DDR\vga.v" Line 83: Using initial value of GREEN since it is never assigned
WARNING:HDLCompiler:872 - "C:\Users\152\Desktop\cs-m152a\lab_4\DDR\vga.v" Line 84: Using initial value of BLUE since it is never assigned
WARNING:HDLCompiler:413 - "C:\Users\152\Desktop\cs-m152a\lab_4\DDR\vga.v" Line 55: Result of 11-bit expression is truncated to fit in 10-bit target.
WARNING:HDLCompiler:413 - "C:\Users\152\Desktop\cs-m152a\lab_4\DDR\vga.v" Line 61: Result of 11-bit expression is truncated to fit in 10-bit target.
WARNING:HDLCompiler:413 - "C:\Users\152\Desktop\cs-m152a\lab_4\DDR\vga.v" Line 73: Result of 32-bit expression is truncated to fit in 1-bit target.
WARNING:HDLCompiler:413 - "C:\Users\152\Desktop\cs-m152a\lab_4\DDR\vga.v" Line 74: Result of 32-bit expression is truncated to fit in 1-bit target.

=========================================================================
*                           HDL Synthesis                               *
=========================================================================

Synthesizing Unit <top>.
    Related source file is "C:\Users\152\Desktop\cs-m152a\lab_4\DDR\top.v".
INFO:Xst:3210 - "C:\Users\152\Desktop\cs-m152a\lab_4\DDR\top.v" line 20: Output port <o_onehzclk> of the instance <clock_controller> is unconnected or connected to loadless signal.
INFO:Xst:3210 - "C:\Users\152\Desktop\cs-m152a\lab_4\DDR\top.v" line 24: Output port <o_point> of the instance <vga_controller> is unconnected or connected to loadless signal.
    Summary:
	no macro.
Unit <top> synthesized.

Synthesizing Unit <clockdiv>.
    Related source file is "C:\Users\152\Desktop\cs-m152a\lab_4\DDR\clockdiv.v".
    Found 1-bit register for signal <clk_25mhz>.
    Found 32-bit register for signal <cnt_1hz>.
    Found 1-bit register for signal <clk_1hz>.
    Found 32-bit register for signal <cnt_mov>.
    Found 1-bit register for signal <clk_mov>.
    Found 32-bit register for signal <cnt_25mhz>.
    Found 32-bit adder for signal <cnt_25mhz[31]_GND_2_o_add_2_OUT> created at line 17.
    Found 32-bit adder for signal <cnt_1hz[31]_GND_2_o_add_7_OUT> created at line 30.
    Found 32-bit adder for signal <cnt_mov[31]_GND_2_o_add_12_OUT> created at line 43.
    Found 32-bit comparator greater for signal <n0000> created at line 12
    Found 32-bit comparator greater for signal <n0009> created at line 25
    Found 32-bit comparator greater for signal <n0018> created at line 38
    Summary:
	inferred   3 Adder/Subtractor(s).
	inferred  99 D-type flip-flop(s).
	inferred   3 Comparator(s).
Unit <clockdiv> synthesized.

Synthesizing Unit <vga>.
    Related source file is "C:\Users\152\Desktop\cs-m152a\lab_4\DDR\vga.v".
WARNING:Xst:653 - Signal <o_point> is used but never assigned. This sourceless signal will be automatically connected to value GND.
WARNING:Xst:2999 - Signal 'mem', unconnected in block 'vga', is tied to its initial value.
WARNING:Xst:3035 - Index value(s) does not match array range for signal <mem>, simulation mismatch.
    Found 10x3-bit single-port Read Only RAM <Mram_mem> for signal <mem>.
    Found 10-bit register for signal <v_count>.
    Found 10-bit register for signal <h_count>.
    Found 32-bit register for signal <mem_idx>.
    Found 1-bit register for signal <game_end>.
    Found 32-bit register for signal <c5_type>.
    Found 32-bit register for signal <c5>.
    Found 2-bit register for signal <o_blue>.
    Found 3-bit register for signal <o_green>.
    Found 3-bit register for signal <o_red>.
    Found 32-bit subtractor for signal <c5[31]_GND_3_o_sub_71_OUT> created at line 160.
    Found 10-bit adder for signal <h_count[9]_GND_3_o_add_1_OUT> created at line 55.
    Found 10-bit adder for signal <v_count[9]_GND_3_o_add_3_OUT> created at line 61.
    Found 32-bit adder for signal <mem_idx[31]_GND_3_o_add_24_OUT> created at line 116.
    Found 32-bit adder for signal <c5[31]_GND_3_o_add_32_OUT> created at line 126.
    Found 32-bit adder for signal <c5[31]_GND_3_o_add_72_OUT> created at line 160.
    Found 8x3-bit Read Only RAM for signal <_n0193>
    Found 2-bit 4-to-1 multiplexer for signal <_n0205> created at line 201.
    Found 3-bit 4-to-1 multiplexer for signal <_n0215> created at line 201.
    Found 3-bit 4-to-1 multiplexer for signal <_n0225> created at line 201.
    Found 10-bit comparator greater for signal <h_count[9]_PWR_3_o_LessThan_1_o> created at line 54
    Found 10-bit comparator greater for signal <v_count[9]_PWR_3_o_LessThan_3_o> created at line 60
    Found 10-bit comparator greater for signal <h_count[9]_GND_3_o_LessThan_10_o> created at line 73
    Found 10-bit comparator greater for signal <v_count[9]_GND_3_o_LessThan_12_o> created at line 74
    Found 10-bit comparator lessequal for signal <n0013> created at line 76
    Found 10-bit comparator lessequal for signal <n0016> created at line 77
    Found 10-bit comparator greater for signal <h_count[9]_PWR_3_o_LessThan_17_o> created at line 77
    Found 10-bit comparator greater for signal <GND_3_o_h_count[9]_LessThan_18_o> created at line 79
    Found 10-bit comparator greater for signal <h_count[9]_GND_3_o_LessThan_19_o> created at line 79
    Found 32-bit comparator greater for signal <GND_3_o_c5[31]_LessThan_32_o> created at line 126
    Found 32-bit comparator greater for signal <push_range_c5> created at line 136
    Found 10-bit comparator greater for signal <GND_3_o_h_count[9]_LessThan_61_o> created at line 153
    Found 10-bit comparator greater for signal <h_count[9]_GND_3_o_LessThan_62_o> created at line 153
    Found 10-bit comparator greater for signal <GND_3_o_h_count[9]_LessThan_63_o> created at line 153
    Found 10-bit comparator greater for signal <h_count[9]_PWR_3_o_LessThan_64_o> created at line 153
    Found 10-bit comparator greater for signal <GND_3_o_v_count[9]_LessThan_65_o> created at line 154
    Found 10-bit comparator greater for signal <v_count[9]_GND_3_o_LessThan_66_o> created at line 154
    Found 10-bit comparator greater for signal <GND_3_o_v_count[9]_LessThan_67_o> created at line 154
    Found 10-bit comparator greater for signal <v_count[9]_GND_3_o_LessThan_68_o> created at line 154
    Found 32-bit comparator greater for signal <c5[31]_GND_3_o_LessThan_72_o> created at line 160
    Found 32-bit comparator greater for signal <GND_3_o_c5[31]_LessThan_74_o> created at line 160
    Found 10-bit comparator greater for signal <GND_3_o_h_count[9]_LessThan_87_o> created at line 198
    Found 10-bit comparator greater for signal <h_count[9]_GND_3_o_LessThan_88_o> created at line 198
    Found 10-bit comparator greater for signal <GND_3_o_v_count[9]_LessThan_89_o> created at line 199
    Found 10-bit comparator greater for signal <v_count[9]_GND_3_o_LessThan_90_o> created at line 199
    Summary:
	inferred   2 RAM(s).
	inferred   6 Adder/Subtractor(s).
	inferred 125 D-type flip-flop(s).
	inferred  25 Comparator(s).
	inferred  17 Multiplexer(s).
Unit <vga> synthesized.

=========================================================================
HDL Synthesis Report

Macro Statistics
# RAMs                                                 : 2
 10x3-bit single-port Read Only RAM                    : 1
 8x3-bit single-port Read Only RAM                     : 1
# Adders/Subtractors                                   : 9
 10-bit adder                                          : 2
 32-bit adder                                          : 6
 32-bit subtractor                                     : 1
# Registers                                            : 15
 1-bit register                                        : 4
 10-bit register                                       : 2
 2-bit register                                        : 1
 3-bit register                                        : 2
 32-bit register                                       : 6
# Comparators                                          : 28
 10-bit comparator greater                             : 19
 10-bit comparator lessequal                           : 2
 32-bit comparator greater                             : 7
# Multiplexers                                         : 17
 10-bit 2-to-1 multiplexer                             : 2
 2-bit 2-to-1 multiplexer                              : 3
 2-bit 4-to-1 multiplexer                              : 1
 3-bit 2-to-1 multiplexer                              : 7
 3-bit 4-to-1 multiplexer                              : 2
 32-bit 2-to-1 multiplexer                             : 2

=========================================================================

=========================================================================
*                       Advanced HDL Synthesis                          *
=========================================================================

INFO:Xst:2261 - The FF/Latch <c5_type_3> in Unit <vga_controller> is equivalent to the following 28 FFs/Latches, which will be removed : <c5_type_4> <c5_type_5> <c5_type_6> <c5_type_7> <c5_type_8> <c5_type_9> <c5_type_10> <c5_type_11> <c5_type_12> <c5_type_13> <c5_type_14> <c5_type_15> <c5_type_16> <c5_type_17> <c5_type_18> <c5_type_19> <c5_type_20> <c5_type_21> <c5_type_22> <c5_type_23> <c5_type_24> <c5_type_25> <c5_type_26> <c5_type_27> <c5_type_28> <c5_type_29> <c5_type_30> <c5_type_31> 
WARNING:Xst:1293 - FF/Latch <game_end> has a constant value of 0 in block <vga_controller>. This FF/Latch will be trimmed during the optimization process.
WARNING:Xst:1293 - FF/Latch <c5_type_3> has a constant value of 0 in block <vga_controller>. This FF/Latch will be trimmed during the optimization process.

Synthesizing (advanced) Unit <clockdiv>.
The following registers are absorbed into counter <cnt_mov>: 1 register on signal <cnt_mov>.
The following registers are absorbed into counter <cnt_1hz>: 1 register on signal <cnt_1hz>.
The following registers are absorbed into counter <cnt_25mhz>: 1 register on signal <cnt_25mhz>.
Unit <clockdiv> synthesized (advanced).

Synthesizing (advanced) Unit <vga>.
The following registers are absorbed into counter <h_count>: 1 register on signal <h_count>.
The following registers are absorbed into counter <v_count>: 1 register on signal <v_count>.
The following registers are absorbed into counter <c5>: 1 register on signal <c5>.
INFO:Xst:3231 - The small RAM <Mram__n0193> will be implemented on LUTs in order to maximize performance and save block RAM resources. If you want to force its implementation on block, use option/constraint ram_style.
    -----------------------------------------------------------------------
    | ram_type           | Distributed                         |          |
    -----------------------------------------------------------------------
    | Port A                                                              |
    |     aspect ratio   | 8-word x 3-bit                      |          |
    |     weA            | connected to signal <GND>           | high     |
    |     addrA          | connected to signal <c5_type<2:0>>  |          |
    |     diA            | connected to signal <GND>           |          |
    |     doA            | connected to internal node          |          |
    -----------------------------------------------------------------------
Unit <vga> synthesized (advanced).

=========================================================================
Advanced HDL Synthesis Report

Macro Statistics
# RAMs                                                 : 2
 10x3-bit single-port distributed Read Only RAM        : 1
 8x3-bit single-port distributed Read Only RAM         : 1
# Adders/Subtractors                                   : 3
 32-bit adder                                          : 2
 32-bit subtractor                                     : 1
# Counters                                             : 6
 10-bit up counter                                     : 2
 32-bit up counter                                     : 4
# Registers                                            : 76
 Flip-Flops                                            : 76
# Comparators                                          : 28
 10-bit comparator greater                             : 19
 10-bit comparator lessequal                           : 2
 32-bit comparator greater                             : 7
# Multiplexers                                         : 15
 2-bit 2-to-1 multiplexer                              : 3
 2-bit 4-to-1 multiplexer                              : 1
 3-bit 2-to-1 multiplexer                              : 7
 3-bit 4-to-1 multiplexer                              : 2
 32-bit 2-to-1 multiplexer                             : 2

=========================================================================

=========================================================================
*                         Low Level Synthesis                           *
=========================================================================
WARNING:Xst:1293 - FF/Latch <c5_type_31> has a constant value of 0 in block <vga>. This FF/Latch will be trimmed during the optimization process.
WARNING:Xst:1896 - Due to other FF/Latch trimming, FF/Latch <c5_type_30> has a constant value of 0 in block <vga>. This FF/Latch will be trimmed during the optimization process.
WARNING:Xst:1896 - Due to other FF/Latch trimming, FF/Latch <c5_type_29> has a constant value of 0 in block <vga>. This FF/Latch will be trimmed during the optimization process.
WARNING:Xst:1896 - Due to other FF/Latch trimming, FF/Latch <c5_type_28> has a constant value of 0 in block <vga>. This FF/Latch will be trimmed during the optimization process.
WARNING:Xst:1896 - Due to other FF/Latch trimming, FF/Latch <c5_type_27> has a constant value of 0 in block <vga>. This FF/Latch will be trimmed during the optimization process.
WARNING:Xst:1896 - Due to other FF/Latch trimming, FF/Latch <c5_type_26> has a constant value of 0 in block <vga>. This FF/Latch will be trimmed during the optimization process.
WARNING:Xst:1896 - Due to other FF/Latch trimming, FF/Latch <c5_type_25> has a constant value of 0 in block <vga>. This FF/Latch will be trimmed during the optimization process.
WARNING:Xst:1896 - Due to other FF/Latch trimming, FF/Latch <c5_type_24> has a constant value of 0 in block <vga>. This FF/Latch will be trimmed during the optimization process.
WARNING:Xst:1896 - Due to other FF/Latch trimming, FF/Latch <c5_type_23> has a constant value of 0 in block <vga>. This FF/Latch will be trimmed during the optimization process.
WARNING:Xst:1896 - Due to other FF/Latch trimming, FF/Latch <c5_type_22> has a constant value of 0 in block <vga>. This FF/Latch will be trimmed during the optimization process.
WARNING:Xst:1896 - Due to other FF/Latch trimming, FF/Latch <c5_type_21> has a constant value of 0 in block <vga>. This FF/Latch will be trimmed during the optimization process.
WARNING:Xst:1896 - Due to other FF/Latch trimming, FF/Latch <c5_type_20> has a constant value of 0 in block <vga>. This FF/Latch will be trimmed during the optimization process.
WARNING:Xst:1896 - Due to other FF/Latch trimming, FF/Latch <c5_type_19> has a constant value of 0 in block <vga>. This FF/Latch will be trimmed during the optimization process.
WARNING:Xst:1896 - Due to other FF/Latch trimming, FF/Latch <c5_type_18> has a constant value of 0 in block <vga>. This FF/Latch will be trimmed during the optimization process.
WARNING:Xst:1896 - Due to other FF/Latch trimming, FF/Latch <c5_type_17> has a constant value of 0 in block <vga>. This FF/Latch will be trimmed during the optimization process.
WARNING:Xst:1896 - Due to other FF/Latch trimming, FF/Latch <c5_type_16> has a constant value of 0 in block <vga>. This FF/Latch will be trimmed during the optimization process.
WARNING:Xst:1896 - Due to other FF/Latch trimming, FF/Latch <c5_type_15> has a constant value of 0 in block <vga>. This FF/Latch will be trimmed during the optimization process.
WARNING:Xst:1896 - Due to other FF/Latch trimming, FF/Latch <c5_type_14> has a constant value of 0 in block <vga>. This FF/Latch will be trimmed during the optimization process.
WARNING:Xst:1896 - Due to other FF/Latch trimming, FF/Latch <c5_type_13> has a constant value of 0 in block <vga>. This FF/Latch will be trimmed during the optimization process.
WARNING:Xst:1896 - Due to other FF/Latch trimming, FF/Latch <c5_type_12> has a constant value of 0 in block <vga>. This FF/Latch will be trimmed during the optimization process.
WARNING:Xst:1896 - Due to other FF/Latch trimming, FF/Latch <c5_type_11> has a constant value of 0 in block <vga>. This FF/Latch will be trimmed during the optimization process.
WARNING:Xst:1896 - Due to other FF/Latch trimming, FF/Latch <c5_type_10> has a constant value of 0 in block <vga>. This FF/Latch will be trimmed during the optimization process.
WARNING:Xst:1896 - Due to other FF/Latch trimming, FF/Latch <c5_type_9> has a constant value of 0 in block <vga>. This FF/Latch will be trimmed during the optimization process.
WARNING:Xst:1896 - Due to other FF/Latch trimming, FF/Latch <c5_type_8> has a constant value of 0 in block <vga>. This FF/Latch will be trimmed during the optimization process.
WARNING:Xst:1896 - Due to other FF/Latch trimming, FF/Latch <c5_type_7> has a constant value of 0 in block <vga>. This FF/Latch will be trimmed during the optimization process.
WARNING:Xst:1896 - Due to other FF/Latch trimming, FF/Latch <c5_type_6> has a constant value of 0 in block <vga>. This FF/Latch will be trimmed during the optimization process.
WARNING:Xst:1896 - Due to other FF/Latch trimming, FF/Latch <c5_type_5> has a constant value of 0 in block <vga>. This FF/Latch will be trimmed during the optimization process.
WARNING:Xst:1896 - Due to other FF/Latch trimming, FF/Latch <c5_type_4> has a constant value of 0 in block <vga>. This FF/Latch will be trimmed during the optimization process.
WARNING:Xst:1896 - Due to other FF/Latch trimming, FF/Latch <c5_type_3> has a constant value of 0 in block <vga>. This FF/Latch will be trimmed during the optimization process.
WARNING:Xst:1896 - Due to other FF/Latch trimming, FF/Latch <game_end> has a constant value of 0 in block <vga>. This FF/Latch will be trimmed during the optimization process.
WARNING:Xst:2677 - Node <mem_idx_4> of sequential type is unconnected in block <vga>.
WARNING:Xst:2677 - Node <mem_idx_5> of sequential type is unconnected in block <vga>.
WARNING:Xst:2677 - Node <mem_idx_6> of sequential type is unconnected in block <vga>.
WARNING:Xst:2677 - Node <mem_idx_7> of sequential type is unconnected in block <vga>.
WARNING:Xst:2677 - Node <mem_idx_8> of sequential type is unconnected in block <vga>.
WARNING:Xst:2677 - Node <mem_idx_9> of sequential type is unconnected in block <vga>.
WARNING:Xst:2677 - Node <mem_idx_10> of sequential type is unconnected in block <vga>.
WARNING:Xst:2677 - Node <mem_idx_11> of sequential type is unconnected in block <vga>.
WARNING:Xst:2677 - Node <mem_idx_12> of sequential type is unconnected in block <vga>.
WARNING:Xst:2677 - Node <mem_idx_13> of sequential type is unconnected in block <vga>.
WARNING:Xst:2677 - Node <mem_idx_14> of sequential type is unconnected in block <vga>.
WARNING:Xst:2677 - Node <mem_idx_15> of sequential type is unconnected in block <vga>.
WARNING:Xst:2677 - Node <mem_idx_16> of sequential type is unconnected in block <vga>.
WARNING:Xst:2677 - Node <mem_idx_17> of sequential type is unconnected in block <vga>.
WARNING:Xst:2677 - Node <mem_idx_18> of sequential type is unconnected in block <vga>.
WARNING:Xst:2677 - Node <mem_idx_19> of sequential type is unconnected in block <vga>.
WARNING:Xst:2677 - Node <mem_idx_20> of sequential type is unconnected in block <vga>.
WARNING:Xst:2677 - Node <mem_idx_21> of sequential type is unconnected in block <vga>.
WARNING:Xst:2677 - Node <mem_idx_22> of sequential type is unconnected in block <vga>.
WARNING:Xst:2677 - Node <mem_idx_23> of sequential type is unconnected in block <vga>.
WARNING:Xst:2677 - Node <mem_idx_24> of sequential type is unconnected in block <vga>.
WARNING:Xst:2677 - Node <mem_idx_25> of sequential type is unconnected in block <vga>.
WARNING:Xst:2677 - Node <mem_idx_26> of sequential type is unconnected in block <vga>.
WARNING:Xst:2677 - Node <mem_idx_27> of sequential type is unconnected in block <vga>.
WARNING:Xst:2677 - Node <mem_idx_28> of sequential type is unconnected in block <vga>.
WARNING:Xst:2677 - Node <mem_idx_29> of sequential type is unconnected in block <vga>.
WARNING:Xst:2677 - Node <mem_idx_30> of sequential type is unconnected in block <vga>.
WARNING:Xst:2677 - Node <mem_idx_31> of sequential type is unconnected in block <vga>.
INFO:Xst:2261 - The FF/Latch <o_blue_0> in Unit <vga> is equivalent to the following FF/Latch, which will be removed : <o_blue_1> 
INFO:Xst:2261 - The FF/Latch <o_green_0> in Unit <vga> is equivalent to the following FF/Latch, which will be removed : <o_green_1> 
INFO:Xst:2261 - The FF/Latch <o_red_0> in Unit <vga> is equivalent to the following 2 FFs/Latches, which will be removed : <o_red_1> <o_red_2> 

Optimizing unit <top> ...

Optimizing unit <clockdiv> ...

Optimizing unit <vga> ...
WARNING:Xst:2677 - Node <clock_controller/cnt_1hz_31> of sequential type is unconnected in block <top>.
WARNING:Xst:2677 - Node <clock_controller/cnt_1hz_30> of sequential type is unconnected in block <top>.
WARNING:Xst:2677 - Node <clock_controller/cnt_1hz_29> of sequential type is unconnected in block <top>.
WARNING:Xst:2677 - Node <clock_controller/cnt_1hz_28> of sequential type is unconnected in block <top>.
WARNING:Xst:2677 - Node <clock_controller/cnt_1hz_27> of sequential type is unconnected in block <top>.
WARNING:Xst:2677 - Node <clock_controller/cnt_1hz_26> of sequential type is unconnected in block <top>.
WARNING:Xst:2677 - Node <clock_controller/cnt_1hz_25> of sequential type is unconnected in block <top>.
WARNING:Xst:2677 - Node <clock_controller/cnt_1hz_24> of sequential type is unconnected in block <top>.
WARNING:Xst:2677 - Node <clock_controller/cnt_1hz_23> of sequential type is unconnected in block <top>.
WARNING:Xst:2677 - Node <clock_controller/cnt_1hz_22> of sequential type is unconnected in block <top>.
WARNING:Xst:2677 - Node <clock_controller/cnt_1hz_21> of sequential type is unconnected in block <top>.
WARNING:Xst:2677 - Node <clock_controller/cnt_1hz_20> of sequential type is unconnected in block <top>.
WARNING:Xst:2677 - Node <clock_controller/cnt_1hz_19> of sequential type is unconnected in block <top>.
WARNING:Xst:2677 - Node <clock_controller/cnt_1hz_18> of sequential type is unconnected in block <top>.
WARNING:Xst:2677 - Node <clock_controller/cnt_1hz_17> of sequential type is unconnected in block <top>.
WARNING:Xst:2677 - Node <clock_controller/cnt_1hz_16> of sequential type is unconnected in block <top>.
WARNING:Xst:2677 - Node <clock_controller/cnt_1hz_15> of sequential type is unconnected in block <top>.
WARNING:Xst:2677 - Node <clock_controller/cnt_1hz_14> of sequential type is unconnected in block <top>.
WARNING:Xst:2677 - Node <clock_controller/cnt_1hz_13> of sequential type is unconnected in block <top>.
WARNING:Xst:2677 - Node <clock_controller/cnt_1hz_12> of sequential type is unconnected in block <top>.
WARNING:Xst:2677 - Node <clock_controller/cnt_1hz_11> of sequential type is unconnected in block <top>.
WARNING:Xst:2677 - Node <clock_controller/cnt_1hz_10> of sequential type is unconnected in block <top>.
WARNING:Xst:2677 - Node <clock_controller/cnt_1hz_9> of sequential type is unconnected in block <top>.
WARNING:Xst:2677 - Node <clock_controller/cnt_1hz_8> of sequential type is unconnected in block <top>.
WARNING:Xst:2677 - Node <clock_controller/cnt_1hz_7> of sequential type is unconnected in block <top>.
WARNING:Xst:2677 - Node <clock_controller/cnt_1hz_6> of sequential type is unconnected in block <top>.
WARNING:Xst:2677 - Node <clock_controller/cnt_1hz_5> of sequential type is unconnected in block <top>.
WARNING:Xst:2677 - Node <clock_controller/cnt_1hz_4> of sequential type is unconnected in block <top>.
WARNING:Xst:2677 - Node <clock_controller/cnt_1hz_3> of sequential type is unconnected in block <top>.
WARNING:Xst:2677 - Node <clock_controller/cnt_1hz_2> of sequential type is unconnected in block <top>.
WARNING:Xst:2677 - Node <clock_controller/cnt_1hz_1> of sequential type is unconnected in block <top>.
WARNING:Xst:2677 - Node <clock_controller/cnt_1hz_0> of sequential type is unconnected in block <top>.
WARNING:Xst:2677 - Node <clock_controller/clk_1hz> of sequential type is unconnected in block <top>.
WARNING:Xst:1293 - FF/Latch <vga_controller/c5_11> has a constant value of 0 in block <top>. This FF/Latch will be trimmed during the optimization process.
WARNING:Xst:1293 - FF/Latch <vga_controller/c5_9> has a constant value of 0 in block <top>. This FF/Latch will be trimmed during the optimization process.
WARNING:Xst:1293 - FF/Latch <vga_controller/c5_10> has a constant value of 0 in block <top>. This FF/Latch will be trimmed during the optimization process.
WARNING:Xst:1293 - FF/Latch <vga_controller/c5_12> has a constant value of 0 in block <top>. This FF/Latch will be trimmed during the optimization process.
WARNING:Xst:1293 - FF/Latch <vga_controller/c5_13> has a constant value of 0 in block <top>. This FF/Latch will be trimmed during the optimization process.
WARNING:Xst:1293 - FF/Latch <vga_controller/c5_16> has a constant value of 0 in block <top>. This FF/Latch will be trimmed during the optimization process.
WARNING:Xst:1293 - FF/Latch <vga_controller/c5_14> has a constant value of 0 in block <top>. This FF/Latch will be trimmed during the optimization process.
WARNING:Xst:1293 - FF/Latch <vga_controller/c5_15> has a constant value of 0 in block <top>. This FF/Latch will be trimmed during the optimization process.
WARNING:Xst:1293 - FF/Latch <vga_controller/c5_17> has a constant value of 0 in block <top>. This FF/Latch will be trimmed during the optimization process.
WARNING:Xst:1293 - FF/Latch <vga_controller/c5_18> has a constant value of 0 in block <top>. This FF/Latch will be trimmed during the optimization process.
WARNING:Xst:1293 - FF/Latch <vga_controller/c5_21> has a constant value of 0 in block <top>. This FF/Latch will be trimmed during the optimization process.
WARNING:Xst:1293 - FF/Latch <vga_controller/c5_19> has a constant value of 0 in block <top>. This FF/Latch will be trimmed during the optimization process.
WARNING:Xst:1293 - FF/Latch <vga_controller/c5_20> has a constant value of 0 in block <top>. This FF/Latch will be trimmed during the optimization process.
WARNING:Xst:1293 - FF/Latch <vga_controller/c5_22> has a constant value of 0 in block <top>. This FF/Latch will be trimmed during the optimization process.
WARNING:Xst:1293 - FF/Latch <vga_controller/c5_23> has a constant value of 0 in block <top>. This FF/Latch will be trimmed during the optimization process.
WARNING:Xst:1293 - FF/Latch <vga_controller/c5_26> has a constant value of 0 in block <top>. This FF/Latch will be trimmed during the optimization process.
WARNING:Xst:1293 - FF/Latch <vga_controller/c5_24> has a constant value of 0 in block <top>. This FF/Latch will be trimmed during the optimization process.
WARNING:Xst:1293 - FF/Latch <vga_controller/c5_25> has a constant value of 0 in block <top>. This FF/Latch will be trimmed during the optimization process.
WARNING:Xst:1293 - FF/Latch <vga_controller/c5_27> has a constant value of 0 in block <top>. This FF/Latch will be trimmed during the optimization process.
WARNING:Xst:1293 - FF/Latch <vga_controller/c5_28> has a constant value of 0 in block <top>. This FF/Latch will be trimmed during the optimization process.
WARNING:Xst:1293 - FF/Latch <vga_controller/c5_29> has a constant value of 0 in block <top>. This FF/Latch will be trimmed during the optimization process.
WARNING:Xst:1293 - FF/Latch <vga_controller/c5_30> has a constant value of 0 in block <top>. This FF/Latch will be trimmed during the optimization process.
WARNING:Xst:1293 - FF/Latch <vga_controller/c5_31> has a constant value of 0 in block <top>. This FF/Latch will be trimmed during the optimization process.

Mapping all equations...
Building and optimizing final netlist ...
Found area constraint ratio of 100 (+ 5) on block top, actual ratio is 3.

Final Macro Processing ...

=========================================================================
Final Register Report

Macro Statistics
# Registers                                            : 106
 Flip-Flops                                            : 106

=========================================================================

=========================================================================
*                           Partition Report                            *
=========================================================================

Partition Implementation Status
-------------------------------

  No Partitions were found in this design.

-------------------------------

=========================================================================
*                            Design Summary                             *
=========================================================================

Top Level Output File Name         : top.ngc

Primitive and Black Box Usage:
------------------------------
# BELS                             : 597
#      GND                         : 1
#      INV                         : 13
#      LUT1                        : 76
#      LUT2                        : 42
#      LUT3                        : 12
#      LUT4                        : 63
#      LUT5                        : 55
#      LUT6                        : 30
#      MUXCY                       : 170
#      MUXF7                       : 1
#      VCC                         : 1
#      XORCY                       : 133
# FlipFlops/Latches                : 106
#      FD                          : 69
#      FDC                         : 10
#      FDCE                        : 10
#      FDE                         : 5
#      FDR                         : 8
#      FDS                         : 4
# Clock Buffers                    : 2
#      BUFG                        : 1
#      BUFGP                       : 1
# IO Buffers                       : 16
#      IBUF                        : 6
#      OBUF                        : 10

Device utilization summary:
---------------------------

Selected Device : 6slx16csg324-3 


Slice Logic Utilization: 
 Number of Slice Registers:             106  out of  18224     0%  
 Number of Slice LUTs:                  291  out of   9112     3%  
    Number used as Logic:               291  out of   9112     3%  

Slice Logic Distribution: 
 Number of LUT Flip Flop pairs used:    292
   Number with an unused Flip Flop:     186  out of    292    63%  
   Number with an unused LUT:             1  out of    292     0%  
   Number of fully used LUT-FF pairs:   105  out of    292    35%  
   Number of unique control sets:        10

IO Utilization: 
 Number of IOs:                          17
 Number of bonded IOBs:                  17  out of    232     7%  

Specific Feature Utilization:
 Number of BUFG/BUFGCTRLs:                2  out of     16    12%  

---------------------------
Partition Resource Summary:
---------------------------

  No Partitions were found in this design.

---------------------------


=========================================================================
Timing Report

NOTE: THESE TIMING NUMBERS ARE ONLY A SYNTHESIS ESTIMATE.
      FOR ACCURATE TIMING INFORMATION PLEASE REFER TO THE TRACE REPORT
      GENERATED AFTER PLACE-and-ROUTE.

Clock Information:
------------------
-----------------------------------+--------------------------+-------+
Clock Signal                       | Clock buffer(FF name)    | Load  |
-----------------------------------+--------------------------+-------+
clk                                | BUFGP                    | 66    |
clock_controller/clk_mov           | NONE(vga_controller/c5_0)| 16    |
clock_controller/clk_25mhz         | BUFG                     | 24    |
-----------------------------------+--------------------------+-------+
INFO:Xst:2169 - HDL ADVISOR - Some clock signals were not automatically buffered by XST with BUFG/BUFR resources. Please use the buffer_type constraint in order to insert these buffers to the clock signals to help prevent skew problems.

Asynchronous Control Signals Information:
----------------------------------------
No asynchronous control signals found in this design

Timing Summary:
---------------
Speed Grade: -3

   Minimum period: 4.610ns (Maximum Frequency: 216.908MHz)
   Minimum input arrival time before clock: 4.369ns
   Maximum output required time after clock: 5.992ns
   Maximum combinational path delay: No path found

Timing Details:
---------------
All values displayed in nanoseconds (ns)

=========================================================================
Timing constraint: Default period analysis for Clock 'clk'
  Clock period: 4.278ns (frequency: 233.738MHz)
  Total number of paths / destination ports: 4821 / 68
-------------------------------------------------------------------------
Delay:               4.278ns (Levels of Logic = 8)
  Source:            clock_controller/cnt_mov_3 (FF)
  Destination:       clock_controller/cnt_mov_31 (FF)
  Source Clock:      clk rising
  Destination Clock: clk rising

  Data Path: clock_controller/cnt_mov_3 to clock_controller/cnt_mov_31
                                Gate     Net
    Cell:in->out      fanout   Delay   Delay  Logical Name (Net Name)
    ----------------------------------------  ------------
     FD:C->Q               3   0.447   0.995  clock_controller/cnt_mov_3 (clock_controller/cnt_mov_3)
     LUT5:I0->O            1   0.203   0.000  clock_controller/Mcompar_n0018_lut<0> (clock_controller/Mcompar_n0018_lut<0>)
     MUXCY:S->O            1   0.172   0.000  clock_controller/Mcompar_n0018_cy<0> (clock_controller/Mcompar_n0018_cy<0>)
     MUXCY:CI->O           1   0.019   0.000  clock_controller/Mcompar_n0018_cy<1> (clock_controller/Mcompar_n0018_cy<1>)
     MUXCY:CI->O           1   0.019   0.000  clock_controller/Mcompar_n0018_cy<2> (clock_controller/Mcompar_n0018_cy<2>)
     MUXCY:CI->O           1   0.019   0.000  clock_controller/Mcompar_n0018_cy<3> (clock_controller/Mcompar_n0018_cy<3>)
     MUXCY:CI->O           3   0.213   0.651  clock_controller/Mcompar_n0018_cy<4> (clock_controller/Mcompar_n0018_cy<4>)
     LUT6:I5->O           17   0.205   1.028  clock_controller/Mcompar_n0018_cy<5> (clock_controller/Mcompar_n0018_cy<5>)
     LUT2:I1->O            1   0.205   0.000  clock_controller/cnt_mov_31_rstpot (clock_controller/cnt_mov_31_rstpot)
     FD:D                      0.102          clock_controller/cnt_mov_31
    ----------------------------------------
    Total                      4.278ns (1.604ns logic, 2.674ns route)
                                       (37.5% logic, 62.5% route)

=========================================================================
Timing constraint: Default period analysis for Clock 'clock_controller/clk_mov'
  Clock period: 3.580ns (frequency: 279.306MHz)
  Total number of paths / destination ports: 269 / 28
-------------------------------------------------------------------------
Delay:               3.580ns (Levels of Logic = 8)
  Source:            vga_controller/c5_3 (FF)
  Destination:       vga_controller/c5_0 (FF)
  Source Clock:      clock_controller/clk_mov rising
  Destination Clock: clock_controller/clk_mov rising

  Data Path: vga_controller/c5_3 to vga_controller/c5_0
                                Gate     Net
    Cell:in->out      fanout   Delay   Delay  Logical Name (Net Name)
    ----------------------------------------  ------------
     FDR:C->Q              8   0.447   1.147  vga_controller/c5_3 (vga_controller/c5_3)
     LUT5:I0->O            1   0.203   0.000  vga_controller/Mcompar_GND_3_o_c5[31]_LessThan_32_o_lut<0> (vga_controller/Mcompar_GND_3_o_c5[31]_LessThan_32_o_lut<0>)
     MUXCY:S->O            1   0.172   0.000  vga_controller/Mcompar_GND_3_o_c5[31]_LessThan_32_o_cy<0> (vga_controller/Mcompar_GND_3_o_c5[31]_LessThan_32_o_cy<0>)
     MUXCY:CI->O           1   0.019   0.000  vga_controller/Mcompar_GND_3_o_c5[31]_LessThan_32_o_cy<1> (vga_controller/Mcompar_GND_3_o_c5[31]_LessThan_32_o_cy<1>)
     MUXCY:CI->O           1   0.019   0.000  vga_controller/Mcompar_GND_3_o_c5[31]_LessThan_32_o_cy<2> (vga_controller/Mcompar_GND_3_o_c5[31]_LessThan_32_o_cy<2>)
     MUXCY:CI->O           1   0.019   0.000  vga_controller/Mcompar_GND_3_o_c5[31]_LessThan_32_o_cy<3> (vga_controller/Mcompar_GND_3_o_c5[31]_LessThan_32_o_cy<3>)
     MUXCY:CI->O           1   0.019   0.000  vga_controller/Mcompar_GND_3_o_c5[31]_LessThan_32_o_cy<4> (vga_controller/Mcompar_GND_3_o_c5[31]_LessThan_32_o_cy<4>)
     MUXCY:CI->O           1   0.019   0.000  vga_controller/Mcompar_GND_3_o_c5[31]_LessThan_32_o_cy<5> (vga_controller/Mcompar_GND_3_o_c5[31]_LessThan_32_o_cy<5>)
     MUXCY:CI->O           9   0.258   0.829  vga_controller/Mcompar_GND_3_o_c5[31]_LessThan_32_o_cy<6> (vga_controller/GND_3_o_c5[31]_LessThan_32_o_inv)
     FDS:S                     0.430          vga_controller/c5_1
    ----------------------------------------
    Total                      3.580ns (1.605ns logic, 1.975ns route)
                                       (44.8% logic, 55.2% route)

=========================================================================
Timing constraint: Default period analysis for Clock 'clock_controller/clk_25mhz'
  Clock period: 4.610ns (frequency: 216.908MHz)
  Total number of paths / destination ports: 1822 / 37
-------------------------------------------------------------------------
Delay:               4.610ns (Levels of Logic = 3)
  Source:            vga_controller/v_count_8 (FF)
  Destination:       vga_controller/o_green_2 (FF)
  Source Clock:      clock_controller/clk_25mhz rising
  Destination Clock: clock_controller/clk_25mhz rising

  Data Path: vga_controller/v_count_8 to vga_controller/o_green_2
                                Gate     Net
    Cell:in->out      fanout   Delay   Delay  Logical Name (Net Name)
    ----------------------------------------  ------------
     FDCE:C->Q            19   0.447   1.176  vga_controller/v_count_8 (vga_controller/v_count_8)
     LUT4:I2->O            1   0.203   0.580  vga_controller/on_screen_game_end_AND_5_o_inv1 (vga_controller/on_screen_game_end_AND_5_o_inv1)
     LUT6:I5->O            1   0.205   0.684  vga_controller/on_screen_game_end_AND_5_o_inv2 (vga_controller/on_screen_game_end_AND_5_o_inv2)
     LUT5:I3->O            4   0.203   0.683  vga_controller/on_screen_game_end_AND_5_o_inv7 (vga_controller/on_screen_game_end_AND_5_o_inv)
     FDR:R                     0.430          vga_controller/o_blue_0
    ----------------------------------------
    Total                      4.610ns (1.488ns logic, 3.122ns route)
                                       (32.3% logic, 67.7% route)

=========================================================================
Timing constraint: Default OFFSET IN BEFORE for Clock 'clock_controller/clk_25mhz'
  Total number of paths / destination ports: 36 / 24
-------------------------------------------------------------------------
Offset:              4.369ns (Levels of Logic = 4)
  Source:            btn_right (PAD)
  Destination:       vga_controller/o_red_0 (FF)
  Destination Clock: clock_controller/clk_25mhz rising

  Data Path: btn_right to vga_controller/o_red_0
                                Gate     Net
    Cell:in->out      fanout   Delay   Delay  Logical Name (Net Name)
    ----------------------------------------  ------------
     IBUF:I->O             1   1.222   0.827  btn_right_IBUF (btn_right_IBUF)
     LUT6:I2->O            4   0.203   1.028  vga_controller/GND_3_o_c5_type[31]_mux_111_OUT<0>21 (vga_controller/GND_3_o_c5_type[31]_mux_111_OUT<0>21)
     LUT6:I1->O            1   0.203   0.580  vga_controller/PWR_3_o_c5_type[31]_mux_113_OUT<0>1 (vga_controller/PWR_3_o_c5_type[31]_mux_113_OUT<0>)
     LUT2:I1->O            1   0.205   0.000  vga_controller/o_red_0_rstpot (vga_controller/o_red_0_rstpot)
     FD:D                      0.102          vga_controller/o_red_0
    ----------------------------------------
    Total                      4.369ns (1.935ns logic, 2.434ns route)
                                       (44.3% logic, 55.7% route)

=========================================================================
Timing constraint: Default OFFSET IN BEFORE for Clock 'clock_controller/clk_mov'
  Total number of paths / destination ports: 17 / 7
-------------------------------------------------------------------------
Offset:              3.791ns (Levels of Logic = 7)
  Source:            btn_rst (PAD)
  Destination:       vga_controller/mem_idx_3 (FF)
  Destination Clock: clock_controller/clk_mov rising

  Data Path: btn_rst to vga_controller/mem_idx_3
                                Gate     Net
    Cell:in->out      fanout   Delay   Delay  Logical Name (Net Name)
    ----------------------------------------  ------------
     IBUF:I->O            11   1.222   0.987  btn_rst_IBUF (btn_rst_IBUF)
     LUT2:I0->O            1   0.203   0.000  vga_controller/Madd_mem_idx[31]_GND_3_o_add_24_OUT_lut<0> (vga_controller/Madd_mem_idx[31]_GND_3_o_add_24_OUT_lut<0>)
     MUXCY:S->O            1   0.172   0.000  vga_controller/Madd_mem_idx[31]_GND_3_o_add_24_OUT_cy<0> (vga_controller/Madd_mem_idx[31]_GND_3_o_add_24_OUT_cy<0>)
     MUXCY:CI->O           1   0.019   0.000  vga_controller/Madd_mem_idx[31]_GND_3_o_add_24_OUT_cy<1> (vga_controller/Madd_mem_idx[31]_GND_3_o_add_24_OUT_cy<1>)
     MUXCY:CI->O           0   0.019   0.000  vga_controller/Madd_mem_idx[31]_GND_3_o_add_24_OUT_cy<2> (vga_controller/Madd_mem_idx[31]_GND_3_o_add_24_OUT_cy<2>)
     XORCY:CI->O           1   0.180   0.684  vga_controller/Madd_mem_idx[31]_GND_3_o_add_24_OUT_xor<3> (vga_controller/mem_idx[31]_GND_3_o_add_24_OUT<3>)
     LUT4:I2->O            1   0.203   0.000  vga_controller/Mmux_mem_idx[31]_mem_idx[31]_mux_29_OUT261 (vga_controller/mem_idx[31]_mem_idx[31]_mux_29_OUT<3>)
     FD:D                      0.102          vga_controller/mem_idx_3
    ----------------------------------------
    Total                      3.791ns (2.120ns logic, 1.671ns route)
                                       (55.9% logic, 44.1% route)

=========================================================================
Timing constraint: Default OFFSET OUT AFTER for Clock 'clock_controller/clk_25mhz'
  Total number of paths / destination ports: 22 / 10
-------------------------------------------------------------------------
Offset:              5.992ns (Levels of Logic = 3)
  Source:            vga_controller/v_count_3 (FF)
  Destination:       o_vga_vsync (PAD)
  Source Clock:      clock_controller/clk_25mhz rising

  Data Path: vga_controller/v_count_3 to o_vga_vsync
                                Gate     Net
    Cell:in->out      fanout   Delay   Delay  Logical Name (Net Name)
    ----------------------------------------  ------------
     FDCE:C->Q            11   0.447   1.130  vga_controller/v_count_3 (vga_controller/v_count_3)
     LUT4:I0->O           10   0.203   0.857  vga_controller/_n036831 (vga_controller/_n0368_bdd2)
     LUT6:I5->O            1   0.205   0.579  vga_controller/_n036811 (o_vga_vsync_OBUF)
     OBUF:I->O                 2.571          o_vga_vsync_OBUF (o_vga_vsync)
    ----------------------------------------
    Total                      5.992ns (3.426ns logic, 2.566ns route)
                                       (57.2% logic, 42.8% route)

=========================================================================

Cross Clock Domains Report:
--------------------------

Clock to Setup on destination clock clk
---------------+---------+---------+---------+---------+
               | Src:Rise| Src:Fall| Src:Rise| Src:Fall|
Source Clock   |Dest:Rise|Dest:Rise|Dest:Fall|Dest:Fall|
---------------+---------+---------+---------+---------+
clk            |    4.278|         |         |         |
---------------+---------+---------+---------+---------+

Clock to Setup on destination clock clock_controller/clk_25mhz
--------------------------+---------+---------+---------+---------+
                          | Src:Rise| Src:Fall| Src:Rise| Src:Fall|
Source Clock              |Dest:Rise|Dest:Rise|Dest:Fall|Dest:Fall|
--------------------------+---------+---------+---------+---------+
clock_controller/clk_25mhz|    4.610|         |         |         |
clock_controller/clk_mov  |    6.086|         |         |         |
--------------------------+---------+---------+---------+---------+

Clock to Setup on destination clock clock_controller/clk_mov
------------------------+---------+---------+---------+---------+
                        | Src:Rise| Src:Fall| Src:Rise| Src:Fall|
Source Clock            |Dest:Rise|Dest:Rise|Dest:Fall|Dest:Fall|
------------------------+---------+---------+---------+---------+
clock_controller/clk_mov|    3.580|         |         |         |
------------------------+---------+---------+---------+---------+

=========================================================================


Total REAL time to Xst completion: 9.00 secs
Total CPU time to Xst completion: 9.15 secs
 
--> 

Total memory usage is 259360 kilobytes

Number of errors   :    0 (   0 filtered)
Number of warnings :  131 (   0 filtered)
Number of infos    :    8 (   0 filtered)

