Release 14.6 - xst P.68d (nt)
Copyright (c) 1995-2013 Xilinx, Inc.  All rights reserved.
--> Parameter TMPDIR set to xst/projnav.tmp


Total REAL time to Xst completion: 0.00 secs
Total CPU time to Xst completion: 0.13 secs
 
--> Parameter xsthdpdir set to xst


Total REAL time to Xst completion: 0.00 secs
Total CPU time to Xst completion: 0.13 secs
 
--> Reading design: top.prj

TABLE OF CONTENTS
  1) Synthesis Options Summary
  2) HDL Parsing
  3) HDL Elaboration
  4) HDL Synthesis
       4.1) HDL Synthesis Report
  5) Advanced HDL Synthesis
       5.1) Advanced HDL Synthesis Report
  6) Low Level Synthesis
  7) Partition Report
  8) Design Summary
       8.1) Primitive and Black Box Usage
       8.2) Device utilization summary
       8.3) Partition Resource Summary
       8.4) Timing Report
            8.4.1) Clock Information
            8.4.2) Asynchronous Control Signals Information
            8.4.3) Timing Summary
            8.4.4) Timing Details
            8.4.5) Cross Clock Domains Report


=========================================================================
*                      Synthesis Options Summary                        *
=========================================================================
---- Source Parameters
Input File Name                    : "top.prj"
Ignore Synthesis Constraint File   : NO

---- Target Parameters
Output File Name                   : "top"
Output Format                      : NGC
Target Device                      : xc6slx16-3-csg324

---- Source Options
Top Module Name                    : top
Automatic FSM Extraction           : YES
FSM Encoding Algorithm             : Auto
Safe Implementation                : No
FSM Style                          : LUT
RAM Extraction                     : Yes
RAM Style                          : Auto
ROM Extraction                     : Yes
Shift Register Extraction          : YES
ROM Style                          : Auto
Resource Sharing                   : YES
Asynchronous To Synchronous        : NO
Shift Register Minimum Size        : 2
Use DSP Block                      : Auto
Automatic Register Balancing       : No

---- Target Options
LUT Combining                      : Auto
Reduce Control Sets                : Auto
Add IO Buffers                     : YES
Global Maximum Fanout              : 100000
Add Generic Clock Buffer(BUFG)     : 16
Register Duplication               : YES
Optimize Instantiated Primitives   : NO
Use Clock Enable                   : Auto
Use Synchronous Set                : Auto
Use Synchronous Reset              : Auto
Pack IO Registers into IOBs        : Auto
Equivalent register Removal        : YES

---- General Options
Optimization Goal                  : Speed
Optimization Effort                : 1
Power Reduction                    : NO
Keep Hierarchy                     : No
Netlist Hierarchy                  : As_Optimized
RTL Output                         : Yes
Global Optimization                : AllClockNets
Read Cores                         : YES
Write Timing Constraints           : NO
Cross Clock Analysis               : NO
Hierarchy Separator                : /
Bus Delimiter                      : <>
Case Specifier                     : Maintain
Slice Utilization Ratio            : 100
BRAM Utilization Ratio             : 100
DSP48 Utilization Ratio            : 100
Auto BRAM Packing                  : NO
Slice Utilization Ratio Delta      : 5

=========================================================================


=========================================================================
*                          HDL Parsing                                  *
=========================================================================
Analyzing Verilog file "C:\Users\152\Desktop\cs-m152a\lab_4\DDR\vga.v" into library work
Parsing module <vga>.
Analyzing Verilog file "C:\Users\152\Desktop\cs-m152a\lab_4\DDR\clockdiv.v" into library work
Parsing module <clockdiv>.
Analyzing Verilog file "C:\Users\152\Desktop\cs-m152a\lab_4\DDR\top.v" into library work
Parsing module <top>.

=========================================================================
*                            HDL Elaboration                            *
=========================================================================

Elaborating module <top>.

Elaborating module <clockdiv>.
WARNING:HDLCompiler:1127 - "C:\Users\152\Desktop\cs-m152a\lab_4\DDR\top.v" Line 17: Assignment to onehzclk ignored, since the identifier is never used

Elaborating module <vga>.
WARNING:HDLCompiler:413 - "C:\Users\152\Desktop\cs-m152a\lab_4\DDR\vga.v" Line 37: Result of 11-bit expression is truncated to fit in 10-bit target.
WARNING:HDLCompiler:413 - "C:\Users\152\Desktop\cs-m152a\lab_4\DDR\vga.v" Line 43: Result of 11-bit expression is truncated to fit in 10-bit target.
WARNING:HDLCompiler:413 - "C:\Users\152\Desktop\cs-m152a\lab_4\DDR\vga.v" Line 55: Result of 32-bit expression is truncated to fit in 1-bit target.
WARNING:HDLCompiler:413 - "C:\Users\152\Desktop\cs-m152a\lab_4\DDR\vga.v" Line 56: Result of 32-bit expression is truncated to fit in 1-bit target.

=========================================================================
*                           HDL Synthesis                               *
=========================================================================

Synthesizing Unit <top>.
    Related source file is "C:\Users\152\Desktop\cs-m152a\lab_4\DDR\top.v".
INFO:Xst:3210 - "C:\Users\152\Desktop\cs-m152a\lab_4\DDR\top.v" line 16: Output port <o_onehzclk> of the instance <clock_controller> is unconnected or connected to loadless signal.
    Summary:
	no macro.
Unit <top> synthesized.

Synthesizing Unit <clockdiv>.
    Related source file is "C:\Users\152\Desktop\cs-m152a\lab_4\DDR\clockdiv.v".
    Found 1-bit register for signal <clk_25mhz>.
    Found 32-bit register for signal <cnt_1hz>.
    Found 1-bit register for signal <clk_1hz>.
    Found 32-bit register for signal <cnt_mov>.
    Found 1-bit register for signal <clk_mov>.
    Found 32-bit register for signal <cnt_25mhz>.
    Found 32-bit adder for signal <cnt_25mhz[31]_GND_2_o_add_2_OUT> created at line 17.
    Found 32-bit adder for signal <cnt_1hz[31]_GND_2_o_add_7_OUT> created at line 30.
    Found 32-bit adder for signal <cnt_mov[31]_GND_2_o_add_12_OUT> created at line 43.
    Found 32-bit comparator greater for signal <n0000> created at line 12
    Found 32-bit comparator greater for signal <n0009> created at line 25
    Found 32-bit comparator greater for signal <n0018> created at line 38
    Summary:
	inferred   3 Adder/Subtractor(s).
	inferred  99 D-type flip-flop(s).
	inferred   3 Comparator(s).
Unit <clockdiv> synthesized.

Synthesizing Unit <vga>.
    Related source file is "C:\Users\152\Desktop\cs-m152a\lab_4\DDR\vga.v".
WARNING:Xst:647 - Input <i_btnpress> is never used. This port will be preserved and left unconnected if it belongs to a top-level block or it belongs to a sub-block and the hierarchy of this sub-block is preserved.
    Found 10-bit register for signal <v_count>.
    Found 10-bit register for signal <h_count>.
    Found 32-bit register for signal <c5>.
    Found 32-bit register for signal <c3>.
    Found 32-bit register for signal <c1>.
    Found 2-bit register for signal <o_blue>.
    Found 3-bit register for signal <o_green>.
    Found 3-bit register for signal <o_red>.
    Found 32-bit subtractor for signal <c5[31]_GND_3_o_sub_47_OUT> created at line 99.
    Found 32-bit subtractor for signal <c3[31]_GND_3_o_sub_53_OUT> created at line 104.
    Found 32-bit subtractor for signal <c1[31]_GND_3_o_sub_59_OUT> created at line 109.
    Found 10-bit adder for signal <h_count[9]_GND_3_o_add_1_OUT> created at line 37.
    Found 10-bit adder for signal <v_count[9]_GND_3_o_add_3_OUT> created at line 43.
    Found 32-bit adder for signal <c5[31]_GND_3_o_add_21_OUT> created at line 74.
    Found 32-bit adder for signal <c3[31]_GND_3_o_add_27_OUT> created at line 76.
    Found 32-bit adder for signal <c1[31]_GND_3_o_add_33_OUT> created at line 78.
    Found 32-bit adder for signal <c5[31]_GND_3_o_add_48_OUT> created at line 99.
    Found 32-bit adder for signal <c3[31]_GND_3_o_add_54_OUT> created at line 104.
    Found 32-bit adder for signal <c1[31]_GND_3_o_add_60_OUT> created at line 109.
    Found 10-bit comparator greater for signal <h_count[9]_PWR_3_o_LessThan_1_o> created at line 36
    Found 10-bit comparator greater for signal <v_count[9]_PWR_3_o_LessThan_3_o> created at line 42
    Found 10-bit comparator greater for signal <h_count[9]_GND_3_o_LessThan_10_o> created at line 55
    Found 10-bit comparator greater for signal <v_count[9]_GND_3_o_LessThan_12_o> created at line 56
    Found 10-bit comparator lessequal for signal <n0013> created at line 58
    Found 10-bit comparator lessequal for signal <n0016> created at line 59
    Found 10-bit comparator greater for signal <h_count[9]_PWR_3_o_LessThan_17_o> created at line 59
    Found 10-bit comparator greater for signal <GND_3_o_h_count[9]_LessThan_18_o> created at line 61
    Found 10-bit comparator greater for signal <h_count[9]_GND_3_o_LessThan_19_o> created at line 61
    Found 32-bit comparator greater for signal <GND_3_o_c5[31]_LessThan_21_o> created at line 74
    Found 32-bit comparator greater for signal <GND_3_o_c3[31]_LessThan_27_o> created at line 76
    Found 32-bit comparator greater for signal <GND_3_o_c1[31]_LessThan_33_o> created at line 78
    Found 32-bit comparator greater for signal <push_range> created at line 84
    Found 32-bit comparator greater for signal <c5[31]_GND_3_o_LessThan_48_o> created at line 99
    Found 32-bit comparator greater for signal <GND_3_o_c5[31]_LessThan_50_o> created at line 99
    Found 32-bit comparator greater for signal <c3[31]_GND_3_o_LessThan_54_o> created at line 104
    Found 32-bit comparator greater for signal <GND_3_o_c3[31]_LessThan_56_o> created at line 104
    Found 32-bit comparator greater for signal <c1[31]_GND_3_o_LessThan_60_o> created at line 109
    Found 32-bit comparator greater for signal <GND_3_o_c1[31]_LessThan_62_o> created at line 109
    Found 10-bit comparator greater for signal <GND_3_o_h_count[9]_LessThan_65_o> created at line 114
    Found 10-bit comparator greater for signal <h_count[9]_GND_3_o_LessThan_66_o> created at line 114
    Found 10-bit comparator greater for signal <GND_3_o_v_count[9]_LessThan_67_o> created at line 115
    Found 10-bit comparator greater for signal <v_count[9]_GND_3_o_LessThan_68_o> created at line 115
    Summary:
	inferred  11 Adder/Subtractor(s).
	inferred 124 D-type flip-flop(s).
	inferred  23 Comparator(s).
	inferred   6 Multiplexer(s).
Unit <vga> synthesized.

=========================================================================
HDL Synthesis Report

Macro Statistics
# Adders/Subtractors                                   : 14
 10-bit adder                                          : 2
 32-bit adder                                          : 9
 32-bit subtractor                                     : 3
# Registers                                            : 14
 1-bit register                                        : 3
 10-bit register                                       : 2
 2-bit register                                        : 1
 3-bit register                                        : 2
 32-bit register                                       : 6
# Comparators                                          : 26
 10-bit comparator greater                             : 11
 10-bit comparator lessequal                           : 2
 32-bit comparator greater                             : 13
# Multiplexers                                         : 6
 10-bit 2-to-1 multiplexer                             : 2
 3-bit 2-to-1 multiplexer                              : 4

=========================================================================

=========================================================================
*                       Advanced HDL Synthesis                          *
=========================================================================

INFO:Xst:2261 - The FF/Latch <o_blue_0> in Unit <vga_controller> is equivalent to the following FF/Latch, which will be removed : <o_blue_1> 

Synthesizing (advanced) Unit <clockdiv>.
The following registers are absorbed into counter <cnt_mov>: 1 register on signal <cnt_mov>.
The following registers are absorbed into counter <cnt_1hz>: 1 register on signal <cnt_1hz>.
The following registers are absorbed into counter <cnt_25mhz>: 1 register on signal <cnt_25mhz>.
Unit <clockdiv> synthesized (advanced).

Synthesizing (advanced) Unit <vga>.
The following registers are absorbed into counter <h_count>: 1 register on signal <h_count>.
The following registers are absorbed into counter <v_count>: 1 register on signal <v_count>.
The following registers are absorbed into counter <c5>: 1 register on signal <c5>.
The following registers are absorbed into counter <c3>: 1 register on signal <c3>.
The following registers are absorbed into counter <c1>: 1 register on signal <c1>.
Unit <vga> synthesized (advanced).

=========================================================================
Advanced HDL Synthesis Report

Macro Statistics
# Adders/Subtractors                                   : 6
 32-bit adder                                          : 3
 32-bit subtractor                                     : 3
# Counters                                             : 8
 10-bit up counter                                     : 2
 32-bit up counter                                     : 6
# Registers                                            : 11
 Flip-Flops                                            : 11
# Comparators                                          : 26
 10-bit comparator greater                             : 11
 10-bit comparator lessequal                           : 2
 32-bit comparator greater                             : 13
# Multiplexers                                         : 4
 3-bit 2-to-1 multiplexer                              : 4

=========================================================================

=========================================================================
*                         Low Level Synthesis                           *
=========================================================================
INFO:Xst:2261 - The FF/Latch <o_blue_0> in Unit <vga> is equivalent to the following FF/Latch, which will be removed : <o_blue_1> 
INFO:Xst:2261 - The FF/Latch <o_red_0> in Unit <vga> is equivalent to the following 4 FFs/Latches, which will be removed : <o_red_1> <o_red_2> <o_green_0> <o_green_1> 
INFO:Xst:2261 - The FF/Latch <o_blue_0> in Unit <vga> is equivalent to the following FF/Latch, which will be removed : <o_green_2> 

Optimizing unit <top> ...

Optimizing unit <clockdiv> ...

Optimizing unit <vga> ...
WARNING:Xst:2677 - Node <clock_controller/cnt_1hz_31> of sequential type is unconnected in block <top>.
WARNING:Xst:2677 - Node <clock_controller/cnt_1hz_30> of sequential type is unconnected in block <top>.
WARNING:Xst:2677 - Node <clock_controller/cnt_1hz_29> of sequential type is unconnected in block <top>.
WARNING:Xst:2677 - Node <clock_controller/cnt_1hz_28> of sequential type is unconnected in block <top>.
WARNING:Xst:2677 - Node <clock_controller/cnt_1hz_27> of sequential type is unconnected in block <top>.
WARNING:Xst:2677 - Node <clock_controller/cnt_1hz_26> of sequential type is unconnected in block <top>.
WARNING:Xst:2677 - Node <clock_controller/cnt_1hz_25> of sequential type is unconnected in block <top>.
WARNING:Xst:2677 - Node <clock_controller/cnt_1hz_24> of sequential type is unconnected in block <top>.
WARNING:Xst:2677 - Node <clock_controller/cnt_1hz_23> of sequential type is unconnected in block <top>.
WARNING:Xst:2677 - Node <clock_controller/cnt_1hz_22> of sequential type is unconnected in block <top>.
WARNING:Xst:2677 - Node <clock_controller/cnt_1hz_21> of sequential type is unconnected in block <top>.
WARNING:Xst:2677 - Node <clock_controller/cnt_1hz_20> of sequential type is unconnected in block <top>.
WARNING:Xst:2677 - Node <clock_controller/cnt_1hz_19> of sequential type is unconnected in block <top>.
WARNING:Xst:2677 - Node <clock_controller/cnt_1hz_18> of sequential type is unconnected in block <top>.
WARNING:Xst:2677 - Node <clock_controller/cnt_1hz_17> of sequential type is unconnected in block <top>.
WARNING:Xst:2677 - Node <clock_controller/cnt_1hz_16> of sequential type is unconnected in block <top>.
WARNING:Xst:2677 - Node <clock_controller/cnt_1hz_15> of sequential type is unconnected in block <top>.
WARNING:Xst:2677 - Node <clock_controller/cnt_1hz_14> of sequential type is unconnected in block <top>.
WARNING:Xst:2677 - Node <clock_controller/cnt_1hz_13> of sequential type is unconnected in block <top>.
WARNING:Xst:2677 - Node <clock_controller/cnt_1hz_12> of sequential type is unconnected in block <top>.
WARNING:Xst:2677 - Node <clock_controller/cnt_1hz_11> of sequential type is unconnected in block <top>.
WARNING:Xst:2677 - Node <clock_controller/cnt_1hz_10> of sequential type is unconnected in block <top>.
WARNING:Xst:2677 - Node <clock_controller/cnt_1hz_9> of sequential type is unconnected in block <top>.
WARNING:Xst:2677 - Node <clock_controller/cnt_1hz_8> of sequential type is unconnected in block <top>.
WARNING:Xst:2677 - Node <clock_controller/cnt_1hz_7> of sequential type is unconnected in block <top>.
WARNING:Xst:2677 - Node <clock_controller/cnt_1hz_6> of sequential type is unconnected in block <top>.
WARNING:Xst:2677 - Node <clock_controller/cnt_1hz_5> of sequential type is unconnected in block <top>.
WARNING:Xst:2677 - Node <clock_controller/cnt_1hz_4> of sequential type is unconnected in block <top>.
WARNING:Xst:2677 - Node <clock_controller/cnt_1hz_3> of sequential type is unconnected in block <top>.
WARNING:Xst:2677 - Node <clock_controller/cnt_1hz_2> of sequential type is unconnected in block <top>.
WARNING:Xst:2677 - Node <clock_controller/cnt_1hz_1> of sequential type is unconnected in block <top>.
WARNING:Xst:2677 - Node <clock_controller/cnt_1hz_0> of sequential type is unconnected in block <top>.
WARNING:Xst:2677 - Node <clock_controller/clk_1hz> of sequential type is unconnected in block <top>.

Mapping all equations...
Building and optimizing final netlist ...
Found area constraint ratio of 100 (+ 5) on block top, actual ratio is 7.
FlipFlop vga_controller/v_count_7 has been replicated 1 time(s)
FlipFlop vga_controller/v_count_8 has been replicated 1 time(s)
FlipFlop vga_controller/v_count_9 has been replicated 1 time(s)

Final Macro Processing ...

=========================================================================
Final Register Report

Macro Statistics
# Registers                                            : 187
 Flip-Flops                                            : 187

=========================================================================

=========================================================================
*                           Partition Report                            *
=========================================================================

Partition Implementation Status
-------------------------------

  No Partitions were found in this design.

-------------------------------

=========================================================================
*                            Design Summary                             *
=========================================================================

Top Level Output File Name         : top.ngc

Primitive and Black Box Usage:
------------------------------
# BELS                             : 1513
#      GND                         : 1
#      INV                         : 100
#      LUT1                        : 245
#      LUT2                        : 104
#      LUT3                        : 3
#      LUT4                        : 120
#      LUT5                        : 120
#      LUT6                        : 24
#      MUXCY                       : 440
#      MUXF7                       : 1
#      VCC                         : 1
#      XORCY                       : 354
# FlipFlops/Latches                : 187
#      FD                          : 161
#      FDC                         : 10
#      FDCE                        : 13
#      FDE                         : 2
#      FDR                         : 1
# Clock Buffers                    : 3
#      BUFG                        : 2
#      BUFGP                       : 1
# IO Buffers                       : 11
#      IBUF                        : 1
#      OBUF                        : 10

Device utilization summary:
---------------------------

Selected Device : 6slx16csg324-3 


Slice Logic Utilization: 
 Number of Slice Registers:             187  out of  18224     1%  
 Number of Slice LUTs:                  716  out of   9112     7%  
    Number used as Logic:               716  out of   9112     7%  

Slice Logic Distribution: 
 Number of LUT Flip Flop pairs used:    721
   Number with an unused Flip Flop:     534  out of    721    74%  
   Number with an unused LUT:             5  out of    721     0%  
   Number of fully used LUT-FF pairs:   182  out of    721    25%  
   Number of unique control sets:         8

IO Utilization: 
 Number of IOs:                          13
 Number of bonded IOBs:                  12  out of    232     5%  

Specific Feature Utilization:
 Number of BUFG/BUFGCTRLs:                3  out of     16    18%  

---------------------------
Partition Resource Summary:
---------------------------

  No Partitions were found in this design.

---------------------------


=========================================================================
Timing Report

NOTE: THESE TIMING NUMBERS ARE ONLY A SYNTHESIS ESTIMATE.
      FOR ACCURATE TIMING INFORMATION PLEASE REFER TO THE TRACE REPORT
      GENERATED AFTER PLACE-and-ROUTE.

Clock Information:
------------------
-----------------------------------+------------------------+-------+
Clock Signal                       | Clock buffer(FF name)  | Load  |
-----------------------------------+------------------------+-------+
clk                                | BUFGP                  | 66    |
clock_controller/clk_25mhz         | BUFG                   | 25    |
clock_controller/clk_mov           | BUFG                   | 96    |
-----------------------------------+------------------------+-------+

Asynchronous Control Signals Information:
----------------------------------------
No asynchronous control signals found in this design

Timing Summary:
---------------
Speed Grade: -3

   Minimum period: 4.575ns (Maximum Frequency: 218.591MHz)
   Minimum input arrival time before clock: 2.805ns
   Maximum output required time after clock: 6.382ns
   Maximum combinational path delay: No path found

Timing Details:
---------------
All values displayed in nanoseconds (ns)

=========================================================================
Timing constraint: Default period analysis for Clock 'clk'
  Clock period: 4.278ns (frequency: 233.738MHz)
  Total number of paths / destination ports: 4820 / 68
-------------------------------------------------------------------------
Delay:               4.278ns (Levels of Logic = 8)
  Source:            clock_controller/cnt_mov_3 (FF)
  Destination:       clock_controller/cnt_mov_31 (FF)
  Source Clock:      clk rising
  Destination Clock: clk rising

  Data Path: clock_controller/cnt_mov_3 to clock_controller/cnt_mov_31
                                Gate     Net
    Cell:in->out      fanout   Delay   Delay  Logical Name (Net Name)
    ----------------------------------------  ------------
     FD:C->Q               3   0.447   0.995  clock_controller/cnt_mov_3 (clock_controller/cnt_mov_3)
     LUT5:I0->O            1   0.203   0.000  clock_controller/Mcompar_n0018_lut<0> (clock_controller/Mcompar_n0018_lut<0>)
     MUXCY:S->O            1   0.172   0.000  clock_controller/Mcompar_n0018_cy<0> (clock_controller/Mcompar_n0018_cy<0>)
     MUXCY:CI->O           1   0.019   0.000  clock_controller/Mcompar_n0018_cy<1> (clock_controller/Mcompar_n0018_cy<1>)
     MUXCY:CI->O           1   0.019   0.000  clock_controller/Mcompar_n0018_cy<2> (clock_controller/Mcompar_n0018_cy<2>)
     MUXCY:CI->O           1   0.019   0.000  clock_controller/Mcompar_n0018_cy<3> (clock_controller/Mcompar_n0018_cy<3>)
     MUXCY:CI->O           3   0.213   0.651  clock_controller/Mcompar_n0018_cy<4> (clock_controller/Mcompar_n0018_cy<4>)
     LUT6:I5->O           17   0.205   1.028  clock_controller/Mcompar_n0018_cy<5> (clock_controller/Mcompar_n0018_cy<5>)
     LUT2:I1->O            1   0.205   0.000  clock_controller/cnt_mov_31_rstpot (clock_controller/cnt_mov_31_rstpot)
     FD:D                      0.102          clock_controller/cnt_mov_31
    ----------------------------------------
    Total                      4.278ns (1.604ns logic, 2.674ns route)
                                       (37.5% logic, 62.5% route)

=========================================================================
Timing constraint: Default period analysis for Clock 'clock_controller/clk_25mhz'
  Clock period: 4.575ns (frequency: 218.591MHz)
  Total number of paths / destination ports: 1690 / 39
-------------------------------------------------------------------------
Delay:               4.575ns (Levels of Logic = 3)
  Source:            vga_controller/v_count_6 (FF)
  Destination:       vga_controller/o_red_0 (FF)
  Source Clock:      clock_controller/clk_25mhz rising
  Destination Clock: clock_controller/clk_25mhz rising

  Data Path: vga_controller/v_count_6 to vga_controller/o_red_0
                                Gate     Net
    Cell:in->out      fanout   Delay   Delay  Logical Name (Net Name)
    ----------------------------------------  ------------
     FDCE:C->Q            17   0.447   1.275  vga_controller/v_count_6 (vga_controller/v_count_6)
     LUT4:I0->O            1   0.203   0.580  vga_controller/v_count[9]_GND_3_o_LessThan_68_o11_SW0 (N2)
     LUT6:I5->O            3   0.205   0.651  vga_controller/v_count[9]_GND_3_o_LessThan_68_o11 (vga_controller/v_count[9]_GND_3_o_LessThan_68_o11)
     LUT6:I5->O            1   0.205   0.579  vga_controller/on_screen_inv5 (vga_controller/on_screen_inv)
     FDR:R                     0.430          vga_controller/o_red_0
    ----------------------------------------
    Total                      4.575ns (1.490ns logic, 3.085ns route)
                                       (32.6% logic, 67.4% route)

=========================================================================
Timing constraint: Default period analysis for Clock 'clock_controller/clk_mov'
  Clock period: 3.799ns (frequency: 263.232MHz)
  Total number of paths / destination ports: 7376 / 96
-------------------------------------------------------------------------
Delay:               3.799ns (Levels of Logic = 8)
  Source:            vga_controller/c5_3 (FF)
  Destination:       vga_controller/c5_0 (FF)
  Source Clock:      clock_controller/clk_mov rising
  Destination Clock: clock_controller/clk_mov rising

  Data Path: vga_controller/c5_3 to vga_controller/c5_0
                                Gate     Net
    Cell:in->out      fanout   Delay   Delay  Logical Name (Net Name)
    ----------------------------------------  ------------
     FD:C->Q               6   0.447   1.089  vga_controller/c5_3 (vga_controller/c5_3)
     LUT5:I0->O            1   0.203   0.000  vga_controller/Mcompar_GND_3_o_c5[31]_LessThan_21_o_lut<0> (vga_controller/Mcompar_GND_3_o_c5[31]_LessThan_21_o_lut<0>)
     MUXCY:S->O            1   0.172   0.000  vga_controller/Mcompar_GND_3_o_c5[31]_LessThan_21_o_cy<0> (vga_controller/Mcompar_GND_3_o_c5[31]_LessThan_21_o_cy<0>)
     MUXCY:CI->O           1   0.019   0.000  vga_controller/Mcompar_GND_3_o_c5[31]_LessThan_21_o_cy<1> (vga_controller/Mcompar_GND_3_o_c5[31]_LessThan_21_o_cy<1>)
     MUXCY:CI->O           1   0.019   0.000  vga_controller/Mcompar_GND_3_o_c5[31]_LessThan_21_o_cy<2> (vga_controller/Mcompar_GND_3_o_c5[31]_LessThan_21_o_cy<2>)
     MUXCY:CI->O           1   0.019   0.000  vga_controller/Mcompar_GND_3_o_c5[31]_LessThan_21_o_cy<3> (vga_controller/Mcompar_GND_3_o_c5[31]_LessThan_21_o_cy<3>)
     MUXCY:CI->O           1   0.019   0.000  vga_controller/Mcompar_GND_3_o_c5[31]_LessThan_21_o_cy<4> (vga_controller/Mcompar_GND_3_o_c5[31]_LessThan_21_o_cy<4>)
     MUXCY:CI->O          32   0.213   1.292  vga_controller/Mcompar_GND_3_o_c5[31]_LessThan_21_o_cy<5> (vga_controller/Mcompar_GND_3_o_c5[31]_LessThan_21_o_cy<5>)
     LUT4:I3->O            1   0.205   0.000  vga_controller/c5_31_rstpot (vga_controller/c5_31_rstpot)
     FD:D                      0.102          vga_controller/c5_31
    ----------------------------------------
    Total                      3.799ns (1.418ns logic, 2.381ns route)
                                       (37.3% logic, 62.7% route)

=========================================================================
Timing constraint: Default OFFSET IN BEFORE for Clock 'clock_controller/clk_25mhz'
  Total number of paths / destination ports: 23 / 23
-------------------------------------------------------------------------
Offset:              2.805ns (Levels of Logic = 1)
  Source:            rst (PAD)
  Destination:       vga_controller/v_count_9 (FF)
  Destination Clock: clock_controller/clk_25mhz rising

  Data Path: rst to vga_controller/v_count_9
                                Gate     Net
    Cell:in->out      fanout   Delay   Delay  Logical Name (Net Name)
    ----------------------------------------  ------------
     IBUF:I->O            23   1.222   1.153  rst_IBUF (rst_IBUF)
     FDC:CLR                   0.430          vga_controller/h_count_0
    ----------------------------------------
    Total                      2.805ns (1.652ns logic, 1.153ns route)
                                       (58.9% logic, 41.1% route)

=========================================================================
Timing constraint: Default OFFSET OUT AFTER for Clock 'clock_controller/clk_25mhz'
  Total number of paths / destination ports: 22 / 10
-------------------------------------------------------------------------
Offset:              6.382ns (Levels of Logic = 3)
  Source:            vga_controller/v_count_6 (FF)
  Destination:       o_vga_vsync (PAD)
  Source Clock:      clock_controller/clk_25mhz rising

  Data Path: vga_controller/v_count_6 to o_vga_vsync
                                Gate     Net
    Cell:in->out      fanout   Delay   Delay  Logical Name (Net Name)
    ----------------------------------------  ------------
     FDCE:C->Q            17   0.447   1.275  vga_controller/v_count_6 (vga_controller/v_count_6)
     LUT4:I0->O           10   0.203   1.104  vga_controller/v_count[9]_GND_3_o_LessThan_12_o21 (vga_controller/v_count[9]_GND_3_o_LessThan_12_o2)
     LUT6:I2->O            1   0.203   0.579  vga_controller/_n01661 (o_vga_vsync_OBUF)
     OBUF:I->O                 2.571          o_vga_vsync_OBUF (o_vga_vsync)
    ----------------------------------------
    Total                      6.382ns (3.424ns logic, 2.958ns route)
                                       (53.7% logic, 46.3% route)

=========================================================================

Cross Clock Domains Report:
--------------------------

Clock to Setup on destination clock clk
---------------+---------+---------+---------+---------+
               | Src:Rise| Src:Fall| Src:Rise| Src:Fall|
Source Clock   |Dest:Rise|Dest:Rise|Dest:Fall|Dest:Fall|
---------------+---------+---------+---------+---------+
clk            |    4.278|         |         |         |
---------------+---------+---------+---------+---------+

Clock to Setup on destination clock clock_controller/clk_25mhz
--------------------------+---------+---------+---------+---------+
                          | Src:Rise| Src:Fall| Src:Rise| Src:Fall|
Source Clock              |Dest:Rise|Dest:Rise|Dest:Fall|Dest:Fall|
--------------------------+---------+---------+---------+---------+
clock_controller/clk_25mhz|    4.575|         |         |         |
clock_controller/clk_mov  |    6.212|         |         |         |
--------------------------+---------+---------+---------+---------+

Clock to Setup on destination clock clock_controller/clk_mov
------------------------+---------+---------+---------+---------+
                        | Src:Rise| Src:Fall| Src:Rise| Src:Fall|
Source Clock            |Dest:Rise|Dest:Rise|Dest:Fall|Dest:Fall|
------------------------+---------+---------+---------+---------+
clock_controller/clk_mov|    3.799|         |         |         |
------------------------+---------+---------+---------+---------+

=========================================================================


Total REAL time to Xst completion: 7.00 secs
Total CPU time to Xst completion: 7.53 secs
 
--> 

Total memory usage is 215556 kilobytes

Number of errors   :    0 (   0 filtered)
Number of warnings :   39 (   0 filtered)
Number of infos    :    5 (   0 filtered)

